ERC report (2024-04-29T19:30:42+0000, Encoding UTF8)

***** Sheet /
[lib_symbol_mismatch]: Symbol 'Samtec_GRF1-J-P-08-E-RA-TH1' doesn't match copy in library 'Connector_WUT'
    ; warning
    @(360.6800 mm, 198.1200 mm): Symbol CN1 [Samtec_GRF1-J-P-08-E-RA-TH1]
[power_pin_not_driven]: Input Power pin not driven by any Output Power pins
    ; error
    @(353.0600 mm, 162.5600 mm): Symbol #PWR0304 Hidden pin 1 [12V, Power input, Line]

***** Sheet /Pi CM4 - GPIO/
[pin_to_pin]: Pins of type Power output and Power output are connected
    ; error
    @(240.0300 mm, 207.0100 mm): Symbol CN4 Pin 88 [+1.8v_(Output), Power output, Line]
    @(240.0300 mm, 204.4700 mm): Symbol CN4 Pin 90 [+1.8v_(Output), Power output, Line]
[pin_to_pin]: Pins of type Power output and Power output are connected
    ; error
    @(240.0300 mm, 212.0900 mm): Symbol CN4 Pin 84 [+3.3v_(Output), Power output, Line]
    @(240.0300 mm, 209.5500 mm): Symbol CN4 Pin 86 [+3.3v_(Output), Power output, Line]

***** Sheet /Pi CM4 - HPIO/
[lib_symbol_mismatch]: Symbol 'Wurth Elektronik 744231091' doesn't match copy in library 'Auto_Library_WUT'
    ; warning
    @(81.2800 mm, 157.4800 mm): Symbol FL1 [Wurth Elektronik 744231091]
[lib_symbol_issues]: Symbol 'USBULC6-2M6' not found in symbol library 'Diode_WUT'
    ; warning
    @(76.2000 mm, 191.7700 mm): Symbol D13 [USBULC6-2M6]
[pin_to_pin]: Pins of type Power output and Power output are connected
    ; error
    @(45.7200 mm, 180.3400 mm): Symbol CN5 Pin A4 [VBUS, Power output, Line]
    @(45.7200 mm, 185.4200 mm): Symbol CN5 Pin B4 [VBUS, Power output, Line]
[pin_to_pin]: Pins of type Power output and Power output are connected
    ; error
    @(45.7200 mm, 180.3400 mm): Symbol CN5 Pin A4 [VBUS, Power output, Line]
    @(45.7200 mm, 187.9600 mm): Symbol CN5 Pin B9 [VBUS, Power output, Line]
[pin_to_pin]: Pins of type Power output and Power output are connected
    ; error
    @(45.7200 mm, 180.3400 mm): Symbol CN5 Pin A4 [VBUS, Power output, Line]
    @(45.7200 mm, 182.8800 mm): Symbol CN5 Pin A9 [VBUS, Power output, Line]
[pin_to_pin]: Pins of type Power output and Power output are connected
    ; error
    @(45.7200 mm, 185.4200 mm): Symbol CN5 Pin B4 [VBUS, Power output, Line]
    @(45.7200 mm, 187.9600 mm): Symbol CN5 Pin B9 [VBUS, Power output, Line]
[pin_to_pin]: Pins of type Power output and Power output are connected
    ; error
    @(45.7200 mm, 185.4200 mm): Symbol CN5 Pin B4 [VBUS, Power output, Line]
    @(45.7200 mm, 182.8800 mm): Symbol CN5 Pin A9 [VBUS, Power output, Line]
[pin_to_pin]: Pins of type Power output and Power output are connected
    ; error
    @(45.7200 mm, 187.9600 mm): Symbol CN5 Pin B9 [VBUS, Power output, Line]
    @(45.7200 mm, 182.8800 mm): Symbol CN5 Pin A9 [VBUS, Power output, Line]

***** Sheet /PLL and SFP/
[lib_symbol_mismatch]: Symbol 'Amphenol_UE75-A20-6000T' doesn't match copy in library 'Connector_WUT'
    ; warning
    @(353.0600 mm, 142.2400 mm): Symbol CN11 [Amphenol_UE75-A20-6000T]

***** Sheet /GPS/
[lib_symbol_mismatch]: Symbol 'TLV7031DCK' doesn't match copy in library 'IC_WUT'
    ; warning
    @(349.2500 mm, 72.3900 mm): Symbol U12 [TLV7031DCK]
[lib_symbol_issues]: Symbol 'Harwin_M20-9990646' not found in symbol library 'Connector_WUT'
    ; warning
    @(224.7900 mm, 68.5800 mm): Symbol CN14 [Harwin_M20-9990646]

***** Sheet /PLL and SFP/Frequency Synthesiser 1/

***** Sheet /CM4 Interfaces/

***** Sheet /PLL and SFP/Frequency Synthesiser 2/

***** Sheet /Power Supplies/

 ** ERC messages: 15  Errors 9  Warnings 6
